// Jest Snapshot v1, https://goo.gl/fbAQLP

exports[`Should render NotFoundPage 1`] = `
<div>
  <p>
    404 - NOT FOUND!
  </p>
</div>
`;
